// Copyright 2016 The LUCI Authors. All rights reserved.
// Use of this source code is governed under the Apache License, Version 2.0
// that can be found in the LICENSE file.

// Code generated by protoc-gen-go. DO NOT EDIT.
// versions:
// 	protoc-gen-go v1.25.0-devel
// 	protoc        v3.12.1
// source: tmp/test.proto

package test

import prpc "github.com/tetrafolium/luci-go/grpc/prpc"

import (
	context "context"
	proto "github.com/golang/protobuf/proto"
	descriptor "github.com/golang/protobuf/protoc-gen-go/descriptor"
	timestamp "github.com/golang/protobuf/ptypes/timestamp"
	grpc "google.golang.org/grpc"
	codes "google.golang.org/grpc/codes"
	status "google.golang.org/grpc/status"
	protoreflect "google.golang.org/protobuf/reflect/protoreflect"
	protoimpl "google.golang.org/protobuf/runtime/protoimpl"
	reflect "reflect"
	sync "sync"
)

const (
	// Verify that this generated code is sufficiently up-to-date.
	_ = protoimpl.EnforceVersion(20 - protoimpl.MinVersion)
	// Verify that runtime/protoimpl is sufficiently up-to-date.
	_ = protoimpl.EnforceVersion(protoimpl.MaxVersion - 20)
)

// This is a compile-time assertion that a sufficiently up-to-date version
// of the legacy proto package is being used.
const _ = proto.ProtoPackageIsVersion4

type Void struct {
	state         protoimpl.MessageState
	sizeCache     protoimpl.SizeCache
	unknownFields protoimpl.UnknownFields
}

func (x *Void) Reset() {
	*x = Void{}
	if protoimpl.UnsafeEnabled {
		mi := &file_tmp_test_proto_msgTypes[0]
		ms := protoimpl.X.MessageStateOf(protoimpl.Pointer(x))
		ms.StoreMessageInfo(mi)
	}
}

func (x *Void) String() string {
	return protoimpl.X.MessageStringOf(x)
}

func (*Void) ProtoMessage() {}

func (x *Void) ProtoReflect() protoreflect.Message {
	mi := &file_tmp_test_proto_msgTypes[0]
	if protoimpl.UnsafeEnabled && x != nil {
		ms := protoimpl.X.MessageStateOf(protoimpl.Pointer(x))
		if ms.LoadMessageInfo() == nil {
			ms.StoreMessageInfo(mi)
		}
		return ms
	}
	return mi.MessageOf(x)
}

// Deprecated: Use Void.ProtoReflect.Descriptor instead.
func (*Void) Descriptor() ([]byte, []int) {
	return file_tmp_test_proto_rawDescGZIP(), []int{0}
}

var File_tmp_test_proto protoreflect.FileDescriptor

var file_tmp_test_proto_rawDesc = []byte{
	0x0a, 0x0e, 0x74, 0x6d, 0x70, 0x2f, 0x74, 0x65, 0x73, 0x74, 0x2e, 0x70, 0x72, 0x6f, 0x74, 0x6f,
	0x12, 0x04, 0x74, 0x65, 0x73, 0x74, 0x1a, 0x20, 0x67, 0x6f, 0x6f, 0x67, 0x6c, 0x65, 0x2f, 0x70,
	0x72, 0x6f, 0x74, 0x6f, 0x62, 0x75, 0x66, 0x2f, 0x64, 0x65, 0x73, 0x63, 0x72, 0x69, 0x70, 0x74,
	0x6f, 0x72, 0x2e, 0x70, 0x72, 0x6f, 0x74, 0x6f, 0x1a, 0x1f, 0x67, 0x6f, 0x6f, 0x67, 0x6c, 0x65,
	0x2f, 0x70, 0x72, 0x6f, 0x74, 0x6f, 0x62, 0x75, 0x66, 0x2f, 0x74, 0x69, 0x6d, 0x65, 0x73, 0x74,
	0x61, 0x6d, 0x70, 0x2e, 0x70, 0x72, 0x6f, 0x74, 0x6f, 0x22, 0x06, 0x0a, 0x04, 0x56, 0x6f, 0x69,
	0x64, 0x32, 0x80, 0x01, 0x0a, 0x07, 0x47, 0x72, 0x65, 0x65, 0x74, 0x65, 0x72, 0x12, 0x3e, 0x0a,
	0x08, 0x44, 0x65, 0x73, 0x63, 0x72, 0x69, 0x62, 0x65, 0x12, 0x0a, 0x2e, 0x74, 0x65, 0x73, 0x74,
	0x2e, 0x56, 0x6f, 0x69, 0x64, 0x1a, 0x24, 0x2e, 0x67, 0x6f, 0x6f, 0x67, 0x6c, 0x65, 0x2e, 0x70,
	0x72, 0x6f, 0x74, 0x6f, 0x62, 0x75, 0x66, 0x2e, 0x46, 0x69, 0x6c, 0x65, 0x44, 0x65, 0x73, 0x63,
	0x72, 0x69, 0x70, 0x74, 0x6f, 0x72, 0x50, 0x72, 0x6f, 0x74, 0x6f, 0x22, 0x00, 0x12, 0x35, 0x0a,
	0x09, 0x54, 0x69, 0x6d, 0x65, 0x73, 0x74, 0x61, 0x6d, 0x70, 0x12, 0x0a, 0x2e, 0x74, 0x65, 0x73,
	0x74, 0x2e, 0x56, 0x6f, 0x69, 0x64, 0x1a, 0x1a, 0x2e, 0x67, 0x6f, 0x6f, 0x67, 0x6c, 0x65, 0x2e,
	0x70, 0x72, 0x6f, 0x74, 0x6f, 0x62, 0x75, 0x66, 0x2e, 0x54, 0x69, 0x6d, 0x65, 0x73, 0x74, 0x61,
	0x6d, 0x70, 0x22, 0x00, 0x62, 0x06, 0x70, 0x72, 0x6f, 0x74, 0x6f, 0x33,
}

var (
	file_tmp_test_proto_rawDescOnce sync.Once
	file_tmp_test_proto_rawDescData = file_tmp_test_proto_rawDesc
)

func file_tmp_test_proto_rawDescGZIP() []byte {
	file_tmp_test_proto_rawDescOnce.Do(func() {
		file_tmp_test_proto_rawDescData = protoimpl.X.CompressGZIP(file_tmp_test_proto_rawDescData)
	})
	return file_tmp_test_proto_rawDescData
}

var file_tmp_test_proto_msgTypes = make([]protoimpl.MessageInfo, 1)
var file_tmp_test_proto_goTypes = []interface{}{
	(*Void)(nil),                           // 0: test.Void
	(*descriptor.FileDescriptorProto)(nil), // 1: google.protobuf.FileDescriptorProto
	(*timestamp.Timestamp)(nil),            // 2: google.protobuf.Timestamp
}
var file_tmp_test_proto_depIdxs = []int32{
	0, // 0: test.Greeter.Describe:input_type -> test.Void
	0, // 1: test.Greeter.Timestamp:input_type -> test.Void
	1, // 2: test.Greeter.Describe:output_type -> google.protobuf.FileDescriptorProto
	2, // 3: test.Greeter.Timestamp:output_type -> google.protobuf.Timestamp
	2, // [2:4] is the sub-list for method output_type
	0, // [0:2] is the sub-list for method input_type
	0, // [0:0] is the sub-list for extension type_name
	0, // [0:0] is the sub-list for extension extendee
	0, // [0:0] is the sub-list for field type_name
}

func init() { file_tmp_test_proto_init() }
func file_tmp_test_proto_init() {
	if File_tmp_test_proto != nil {
		return
	}
	if !protoimpl.UnsafeEnabled {
		file_tmp_test_proto_msgTypes[0].Exporter = func(v interface{}, i int) interface{} {
			switch v := v.(*Void); i {
			case 0:
				return &v.state
			case 1:
				return &v.sizeCache
			case 2:
				return &v.unknownFields
			default:
				return nil
			}
		}
	}
	type x struct{}
	out := protoimpl.TypeBuilder{
		File: protoimpl.DescBuilder{
			GoPackagePath: reflect.TypeOf(x{}).PkgPath(),
			RawDescriptor: file_tmp_test_proto_rawDesc,
			NumEnums:      0,
			NumMessages:   1,
			NumExtensions: 0,
			NumServices:   1,
		},
		GoTypes:           file_tmp_test_proto_goTypes,
		DependencyIndexes: file_tmp_test_proto_depIdxs,
		MessageInfos:      file_tmp_test_proto_msgTypes,
	}.Build()
	File_tmp_test_proto = out.File
	file_tmp_test_proto_rawDesc = nil
	file_tmp_test_proto_goTypes = nil
	file_tmp_test_proto_depIdxs = nil
}

// Reference imports to suppress errors if they are not otherwise used.
var _ context.Context
var _ grpc.ClientConnInterface

// This is a compile-time assertion to ensure that this generated file
// is compatible with the grpc package it is being compiled against.
const _ = grpc.SupportPackageIsVersion6

// GreeterClient is the client API for Greeter service.
//
// For semantics around ctx use and closing/ending streaming RPCs, please refer to https://godoc.org/google.golang.org/grpc#ClientConn.NewStream.
type GreeterClient interface {
	Describe(ctx context.Context, in *Void, opts ...grpc.CallOption) (*descriptor.FileDescriptorProto, error)
	Timestamp(ctx context.Context, in *Void, opts ...grpc.CallOption) (*timestamp.Timestamp, error)
}
type greeterPRPCClient struct {
	client *prpc.Client
}

func NewGreeterPRPCClient(client *prpc.Client) GreeterClient {
	return &greeterPRPCClient{client}
}

func (c *greeterPRPCClient) Describe(ctx context.Context, in *Void, opts ...grpc.CallOption) (*descriptor.FileDescriptorProto, error) {
	out := new(descriptor.FileDescriptorProto)
	err := c.client.Call(ctx, "test.Greeter", "Describe", in, out, opts...)
	if err != nil {
		return nil, err
	}
	return out, nil
}

func (c *greeterPRPCClient) Timestamp(ctx context.Context, in *Void, opts ...grpc.CallOption) (*timestamp.Timestamp, error) {
	out := new(timestamp.Timestamp)
	err := c.client.Call(ctx, "test.Greeter", "Timestamp", in, out, opts...)
	if err != nil {
		return nil, err
	}
	return out, nil
}

type greeterClient struct {
	cc grpc.ClientConnInterface
}

func NewGreeterClient(cc grpc.ClientConnInterface) GreeterClient {
	return &greeterClient{cc}
}

func (c *greeterClient) Describe(ctx context.Context, in *Void, opts ...grpc.CallOption) (*descriptor.FileDescriptorProto, error) {
	out := new(descriptor.FileDescriptorProto)
	err := c.cc.Invoke(ctx, "/test.Greeter/Describe", in, out, opts...)
	if err != nil {
		return nil, err
	}
	return out, nil
}

func (c *greeterClient) Timestamp(ctx context.Context, in *Void, opts ...grpc.CallOption) (*timestamp.Timestamp, error) {
	out := new(timestamp.Timestamp)
	err := c.cc.Invoke(ctx, "/test.Greeter/Timestamp", in, out, opts...)
	if err != nil {
		return nil, err
	}
	return out, nil
}

// GreeterServer is the server API for Greeter service.
type GreeterServer interface {
	Describe(context.Context, *Void) (*descriptor.FileDescriptorProto, error)
	Timestamp(context.Context, *Void) (*timestamp.Timestamp, error)
}

// UnimplementedGreeterServer can be embedded to have forward compatible implementations.
type UnimplementedGreeterServer struct {
}

func (*UnimplementedGreeterServer) Describe(context.Context, *Void) (*descriptor.FileDescriptorProto, error) {
	return nil, status.Errorf(codes.Unimplemented, "method Describe not implemented")
}
func (*UnimplementedGreeterServer) Timestamp(context.Context, *Void) (*timestamp.Timestamp, error) {
	return nil, status.Errorf(codes.Unimplemented, "method Timestamp not implemented")
}

func RegisterGreeterServer(s prpc.Registrar, srv GreeterServer) {
	s.RegisterService(&_Greeter_serviceDesc, srv)
}

func _Greeter_Describe_Handler(srv interface{}, ctx context.Context, dec func(interface{}) error, interceptor grpc.UnaryServerInterceptor) (interface{}, error) {
	in := new(Void)
	if err := dec(in); err != nil {
		return nil, err
	}
	if interceptor == nil {
		return srv.(GreeterServer).Describe(ctx, in)
	}
	info := &grpc.UnaryServerInfo{
		Server:     srv,
		FullMethod: "/test.Greeter/Describe",
	}
	handler := func(ctx context.Context, req interface{}) (interface{}, error) {
		return srv.(GreeterServer).Describe(ctx, req.(*Void))
	}
	return interceptor(ctx, in, info, handler)
}

func _Greeter_Timestamp_Handler(srv interface{}, ctx context.Context, dec func(interface{}) error, interceptor grpc.UnaryServerInterceptor) (interface{}, error) {
	in := new(Void)
	if err := dec(in); err != nil {
		return nil, err
	}
	if interceptor == nil {
		return srv.(GreeterServer).Timestamp(ctx, in)
	}
	info := &grpc.UnaryServerInfo{
		Server:     srv,
		FullMethod: "/test.Greeter/Timestamp",
	}
	handler := func(ctx context.Context, req interface{}) (interface{}, error) {
		return srv.(GreeterServer).Timestamp(ctx, req.(*Void))
	}
	return interceptor(ctx, in, info, handler)
}

var _Greeter_serviceDesc = grpc.ServiceDesc{
	ServiceName: "test.Greeter",
	HandlerType: (*GreeterServer)(nil),
	Methods: []grpc.MethodDesc{
		{
			MethodName: "Describe",
			Handler:    _Greeter_Describe_Handler,
		},
		{
			MethodName: "Timestamp",
			Handler:    _Greeter_Timestamp_Handler,
		},
	},
	Streams:  []grpc.StreamDesc{},
	Metadata: "tmp/test.proto",
}
