// Code generated by svcdec; DO NOT EDIT.

package test

import (
	"context"

	proto "github.com/golang/protobuf/proto"

	empty "github.com/golang/protobuf/ptypes/empty"
	sub "github.com/tetrafolium/luci-go/grpc/internal/svctool/testdata/sub"
)

type DecoratedS1 struct {
	// Service is the service to decorate.
	Service S1Server
	// Prelude is called for each method before forwarding the call to Service.
	// If Prelude returns an error, then the call is skipped and the error is
	// processed via the Postlude (if one is defined), or it is returned directly.
	Prelude func(ctx context.Context, methodName string, req proto.Message) (context.Context, error)
	// Postlude is called for each method after Service has processed the call, or
	// after the Prelude has returned an error. This takes the the Service's
	// response proto (which may be nil) and/or any error. The decorated
	// service will return the response (possibly mutated) and error that Postlude
	// returns.
	Postlude func(ctx context.Context, methodName string, rsp proto.Message, err error) error
}

func (s *DecoratedS1) M(ctx context.Context, req *M1) (rsp *M2, err error) {
	if s.Prelude != nil {
		var newCtx context.Context
		newCtx, err = s.Prelude(ctx, "M", req)
		if err == nil {
			ctx = newCtx
		}
	}
	if err == nil {
		rsp, err = s.Service.M(ctx, req)
	}
	if s.Postlude != nil {
		err = s.Postlude(ctx, "M", rsp, err)
	}
	return
}

type DecoratedS2 struct {
	// Service is the service to decorate.
	Service S2Server
	// Prelude is called for each method before forwarding the call to Service.
	// If Prelude returns an error, then the call is skipped and the error is
	// processed via the Postlude (if one is defined), or it is returned directly.
	Prelude func(ctx context.Context, methodName string, req proto.Message) (context.Context, error)
	// Postlude is called for each method after Service has processed the call, or
	// after the Prelude has returned an error. This takes the the Service's
	// response proto (which may be nil) and/or any error. The decorated
	// service will return the response (possibly mutated) and error that Postlude
	// returns.
	Postlude func(ctx context.Context, methodName string, rsp proto.Message, err error) error
}

func (s *DecoratedS2) Get(ctx context.Context, req *Void) (rsp *M1, err error) {
	if s.Prelude != nil {
		var newCtx context.Context
		newCtx, err = s.Prelude(ctx, "Get", req)
		if err == nil {
			ctx = newCtx
		}
	}
	if err == nil {
		rsp, err = s.Service.Get(ctx, req)
	}
	if s.Postlude != nil {
		err = s.Postlude(ctx, "Get", rsp, err)
	}
	return
}

func (s *DecoratedS2) Set(ctx context.Context, req *M1) (rsp *Void, err error) {
	if s.Prelude != nil {
		var newCtx context.Context
		newCtx, err = s.Prelude(ctx, "Set", req)
		if err == nil {
			ctx = newCtx
		}
	}
	if err == nil {
		rsp, err = s.Service.Set(ctx, req)
	}
	if s.Postlude != nil {
		err = s.Postlude(ctx, "Set", rsp, err)
	}
	return
}

func (s *DecoratedS2) Imp(ctx context.Context, req *sub.Sub) (rsp *empty.Empty, err error) {
	if s.Prelude != nil {
		var newCtx context.Context
		newCtx, err = s.Prelude(ctx, "Imp", req)
		if err == nil {
			ctx = newCtx
		}
	}
	if err == nil {
		rsp, err = s.Service.Imp(ctx, req)
	}
	if s.Postlude != nil {
		err = s.Postlude(ctx, "Imp", rsp, err)
	}
	return
}
