// Copyright 2016 The LUCI Authors. All rights reserved.
// Use of this source code is governed under the Apache License, Version 2.0
// that can be found in the LICENSE file.

// Code generated by protoc-gen-go. DO NOT EDIT.
// versions:
// 	protoc-gen-go v1.25.0-devel
// 	protoc        v3.12.1
// source: tmp/1.proto

package test

import prpc "github.com/tetrafolium/luci-go/grpc/prpc"

import (
	context "context"
	proto "github.com/golang/protobuf/proto"
	grpc "google.golang.org/grpc"
	codes "google.golang.org/grpc/codes"
	status "google.golang.org/grpc/status"
	protoreflect "google.golang.org/protobuf/reflect/protoreflect"
	protoimpl "google.golang.org/protobuf/runtime/protoimpl"
	reflect "reflect"
	sync "sync"
)

const (
	// Verify that this generated code is sufficiently up-to-date.
	_ = protoimpl.EnforceVersion(20 - protoimpl.MinVersion)
	// Verify that runtime/protoimpl is sufficiently up-to-date.
	_ = protoimpl.EnforceVersion(protoimpl.MaxVersion - 20)
)

// This is a compile-time assertion that a sufficiently up-to-date version
// of the legacy proto package is being used.
const _ = proto.ProtoPackageIsVersion4

type Req struct {
	state         protoimpl.MessageState
	sizeCache     protoimpl.SizeCache
	unknownFields protoimpl.UnknownFields

	X int64 `protobuf:"varint,1,opt,name=x,proto3" json:"x,omitempty"`
}

func (x *Req) Reset() {
	*x = Req{}
	if protoimpl.UnsafeEnabled {
		mi := &file_tmp_1_proto_msgTypes[0]
		ms := protoimpl.X.MessageStateOf(protoimpl.Pointer(x))
		ms.StoreMessageInfo(mi)
	}
}

func (x *Req) String() string {
	return protoimpl.X.MessageStringOf(x)
}

func (*Req) ProtoMessage() {}

func (x *Req) ProtoReflect() protoreflect.Message {
	mi := &file_tmp_1_proto_msgTypes[0]
	if protoimpl.UnsafeEnabled && x != nil {
		ms := protoimpl.X.MessageStateOf(protoimpl.Pointer(x))
		if ms.LoadMessageInfo() == nil {
			ms.StoreMessageInfo(mi)
		}
		return ms
	}
	return mi.MessageOf(x)
}

// Deprecated: Use Req.ProtoReflect.Descriptor instead.
func (*Req) Descriptor() ([]byte, []int) {
	return file_tmp_1_proto_rawDescGZIP(), []int{0}
}

func (x *Req) GetX() int64 {
	if x != nil {
		return x.X
	}
	return 0
}

type Res struct {
	state         protoimpl.MessageState
	sizeCache     protoimpl.SizeCache
	unknownFields protoimpl.UnknownFields

	X int64 `protobuf:"varint,1,opt,name=x,proto3" json:"x,omitempty"`
}

func (x *Res) Reset() {
	*x = Res{}
	if protoimpl.UnsafeEnabled {
		mi := &file_tmp_1_proto_msgTypes[1]
		ms := protoimpl.X.MessageStateOf(protoimpl.Pointer(x))
		ms.StoreMessageInfo(mi)
	}
}

func (x *Res) String() string {
	return protoimpl.X.MessageStringOf(x)
}

func (*Res) ProtoMessage() {}

func (x *Res) ProtoReflect() protoreflect.Message {
	mi := &file_tmp_1_proto_msgTypes[1]
	if protoimpl.UnsafeEnabled && x != nil {
		ms := protoimpl.X.MessageStateOf(protoimpl.Pointer(x))
		if ms.LoadMessageInfo() == nil {
			ms.StoreMessageInfo(mi)
		}
		return ms
	}
	return mi.MessageOf(x)
}

// Deprecated: Use Res.ProtoReflect.Descriptor instead.
func (*Res) Descriptor() ([]byte, []int) {
	return file_tmp_1_proto_rawDescGZIP(), []int{1}
}

func (x *Res) GetX() int64 {
	if x != nil {
		return x.X
	}
	return 0
}

var File_tmp_1_proto protoreflect.FileDescriptor

var file_tmp_1_proto_rawDesc = []byte{
	0x0a, 0x0b, 0x74, 0x6d, 0x70, 0x2f, 0x31, 0x2e, 0x70, 0x72, 0x6f, 0x74, 0x6f, 0x12, 0x04, 0x74,
	0x65, 0x73, 0x74, 0x22, 0x13, 0x0a, 0x03, 0x52, 0x65, 0x71, 0x12, 0x0c, 0x0a, 0x01, 0x78, 0x18,
	0x01, 0x20, 0x01, 0x28, 0x03, 0x52, 0x01, 0x78, 0x22, 0x13, 0x0a, 0x03, 0x52, 0x65, 0x73, 0x12,
	0x0c, 0x0a, 0x01, 0x78, 0x18, 0x01, 0x20, 0x01, 0x28, 0x03, 0x52, 0x01, 0x78, 0x32, 0x21, 0x0a,
	0x02, 0x53, 0x31, 0x12, 0x1b, 0x0a, 0x01, 0x4d, 0x12, 0x09, 0x2e, 0x74, 0x65, 0x73, 0x74, 0x2e,
	0x52, 0x65, 0x71, 0x1a, 0x09, 0x2e, 0x74, 0x65, 0x73, 0x74, 0x2e, 0x52, 0x65, 0x73, 0x22, 0x00,
	0x62, 0x06, 0x70, 0x72, 0x6f, 0x74, 0x6f, 0x33,
}

var (
	file_tmp_1_proto_rawDescOnce sync.Once
	file_tmp_1_proto_rawDescData = file_tmp_1_proto_rawDesc
)

func file_tmp_1_proto_rawDescGZIP() []byte {
	file_tmp_1_proto_rawDescOnce.Do(func() {
		file_tmp_1_proto_rawDescData = protoimpl.X.CompressGZIP(file_tmp_1_proto_rawDescData)
	})
	return file_tmp_1_proto_rawDescData
}

var file_tmp_1_proto_msgTypes = make([]protoimpl.MessageInfo, 2)
var file_tmp_1_proto_goTypes = []interface{}{
	(*Req)(nil), // 0: test.Req
	(*Res)(nil), // 1: test.Res
}
var file_tmp_1_proto_depIdxs = []int32{
	0, // 0: test.S1.M:input_type -> test.Req
	1, // 1: test.S1.M:output_type -> test.Res
	1, // [1:2] is the sub-list for method output_type
	0, // [0:1] is the sub-list for method input_type
	0, // [0:0] is the sub-list for extension type_name
	0, // [0:0] is the sub-list for extension extendee
	0, // [0:0] is the sub-list for field type_name
}

func init() { file_tmp_1_proto_init() }
func file_tmp_1_proto_init() {
	if File_tmp_1_proto != nil {
		return
	}
	if !protoimpl.UnsafeEnabled {
		file_tmp_1_proto_msgTypes[0].Exporter = func(v interface{}, i int) interface{} {
			switch v := v.(*Req); i {
			case 0:
				return &v.state
			case 1:
				return &v.sizeCache
			case 2:
				return &v.unknownFields
			default:
				return nil
			}
		}
		file_tmp_1_proto_msgTypes[1].Exporter = func(v interface{}, i int) interface{} {
			switch v := v.(*Res); i {
			case 0:
				return &v.state
			case 1:
				return &v.sizeCache
			case 2:
				return &v.unknownFields
			default:
				return nil
			}
		}
	}
	type x struct{}
	out := protoimpl.TypeBuilder{
		File: protoimpl.DescBuilder{
			GoPackagePath: reflect.TypeOf(x{}).PkgPath(),
			RawDescriptor: file_tmp_1_proto_rawDesc,
			NumEnums:      0,
			NumMessages:   2,
			NumExtensions: 0,
			NumServices:   1,
		},
		GoTypes:           file_tmp_1_proto_goTypes,
		DependencyIndexes: file_tmp_1_proto_depIdxs,
		MessageInfos:      file_tmp_1_proto_msgTypes,
	}.Build()
	File_tmp_1_proto = out.File
	file_tmp_1_proto_rawDesc = nil
	file_tmp_1_proto_goTypes = nil
	file_tmp_1_proto_depIdxs = nil
}

// Reference imports to suppress errors if they are not otherwise used.
var _ context.Context
var _ grpc.ClientConnInterface

// This is a compile-time assertion to ensure that this generated file
// is compatible with the grpc package it is being compiled against.
const _ = grpc.SupportPackageIsVersion6

// S1Client is the client API for S1 service.
//
// For semantics around ctx use and closing/ending streaming RPCs, please refer to https://godoc.org/google.golang.org/grpc#ClientConn.NewStream.
type S1Client interface {
	M(ctx context.Context, in *Req, opts ...grpc.CallOption) (*Res, error)
}
type s1PRPCClient struct {
	client *prpc.Client
}

func NewS1PRPCClient(client *prpc.Client) S1Client {
	return &s1PRPCClient{client}
}

func (c *s1PRPCClient) M(ctx context.Context, in *Req, opts ...grpc.CallOption) (*Res, error) {
	out := new(Res)
	err := c.client.Call(ctx, "test.S1", "M", in, out, opts...)
	if err != nil {
		return nil, err
	}
	return out, nil
}

type s1Client struct {
	cc grpc.ClientConnInterface
}

func NewS1Client(cc grpc.ClientConnInterface) S1Client {
	return &s1Client{cc}
}

func (c *s1Client) M(ctx context.Context, in *Req, opts ...grpc.CallOption) (*Res, error) {
	out := new(Res)
	err := c.cc.Invoke(ctx, "/test.S1/M", in, out, opts...)
	if err != nil {
		return nil, err
	}
	return out, nil
}

// S1Server is the server API for S1 service.
type S1Server interface {
	M(context.Context, *Req) (*Res, error)
}

// UnimplementedS1Server can be embedded to have forward compatible implementations.
type UnimplementedS1Server struct {
}

func (*UnimplementedS1Server) M(context.Context, *Req) (*Res, error) {
	return nil, status.Errorf(codes.Unimplemented, "method M not implemented")
}

func RegisterS1Server(s prpc.Registrar, srv S1Server) {
	s.RegisterService(&_S1_serviceDesc, srv)
}

func _S1_M_Handler(srv interface{}, ctx context.Context, dec func(interface{}) error, interceptor grpc.UnaryServerInterceptor) (interface{}, error) {
	in := new(Req)
	if err := dec(in); err != nil {
		return nil, err
	}
	if interceptor == nil {
		return srv.(S1Server).M(ctx, in)
	}
	info := &grpc.UnaryServerInfo{
		Server:     srv,
		FullMethod: "/test.S1/M",
	}
	handler := func(ctx context.Context, req interface{}) (interface{}, error) {
		return srv.(S1Server).M(ctx, req.(*Req))
	}
	return interceptor(ctx, in, info, handler)
}

var _S1_serviceDesc = grpc.ServiceDesc{
	ServiceName: "test.S1",
	HandlerType: (*S1Server)(nil),
	Methods: []grpc.MethodDesc{
		{
			MethodName: "M",
			Handler:    _S1_M_Handler,
		},
	},
	Streams:  []grpc.StreamDesc{},
	Metadata: "tmp/1.proto",
}
