// Code generated by cproto. DO NOT EDIT.

package test

import discovery "github.com/tetrafolium/luci-go/grpc/discovery"

import "github.com/golang/protobuf/protoc-gen-go/descriptor"

func init() {
	discovery.RegisterDescriptorSetCompressed(
		[]string{
			"test.S1", "test.S2_0", "test.S2_1",
		},
		[]byte{31, 139,
			8, 0, 0, 0, 0, 0, 0, 255, 220, 210, 205, 110, 211, 64,
			16, 7, 240, 29, 239, 214, 178, 39, 78, 218, 12, 151, 138, 30,
			24, 122, 226, 128, 76, 98, 36, 238, 81, 212, 67, 171, 194, 33,
			161, 92, 81, 26, 111, 106, 75, 193, 155, 122, 55, 85, 121, 29,
			78, 136, 59, 226, 221, 56, 161, 221, 216, 124, 188, 2, 39, 251,
			63, 218, 249, 29, 102, 6, 191, 40, 28, 184, 79, 187, 87, 211,
			124, 215, 26, 103, 72, 57, 109, 221, 249, 19, 148, 11, 125, 79,
			25, 194, 227, 41, 48, 188, 144, 11, 120, 60, 20, 237, 191, 197,
			226, 57, 70, 203, 41, 157, 33, 188, 165, 52, 247, 189, 249, 66,
			223, 63, 253, 253, 107, 207, 197, 213, 15, 137, 49, 41, 37, 8,
			240, 59, 32, 100, 36, 149, 160, 226, 27, 240, 220, 236, 62, 183,
			245, 93, 229, 184, 152, 76, 223, 240, 251, 74, 243, 245, 205, 252,
			146, 103, 123, 87, 153, 214, 230, 60, 219, 110, 57, 60, 176, 220,
			106, 171, 219, 7, 93, 230, 200, 55, 86, 179, 217, 176, 171, 106,
			203, 214, 236, 219, 181, 230, 181, 41, 53, 215, 150, 239, 204, 131,
			110, 27, 93, 242, 190, 41, 117, 203, 174, 210, 60, 219, 173, 214,
			30, 174, 215, 186, 177, 250, 37, 127, 208, 173, 173, 77, 195, 69,
			62, 65, 118, 213, 202, 241, 122, 213, 240, 173, 230, 141, 217, 55,
			37, 215, 77, 232, 186, 190, 156, 95, 188, 91, 94, 240, 166, 222,
			234, 28, 49, 65, 136, 72, 198, 98, 136, 136, 81, 44, 72, 37,
			2, 1, 17, 101, 44, 128, 100, 146, 32, 14, 80, 197, 34, 18,
			36, 83, 245, 12, 51, 60, 242, 1, 72, 166, 73, 218, 167, 136,
			100, 138, 195, 62, 73, 146, 233, 233, 153, 231, 148, 32, 149, 137,
			81, 224, 148, 239, 201, 146, 129, 231, 84, 224, 134, 234, 196, 183,
			248, 112, 228, 83, 218, 39, 32, 57, 196, 65, 159, 36, 201, 225,
			232, 56, 112, 64, 234, 196, 207, 218, 115, 0, 36, 79, 58, 14,
			60, 55, 238, 56, 8, 220, 184, 227, 32, 112, 227, 142, 131, 192,
			141, 71, 199, 183, 113, 184, 137, 215, 248, 53, 58, 28, 73, 241,
			247, 145, 20, 49, 170, 101, 241, 113, 210, 125, 167, 87, 63, 225,
			176, 231, 209, 255, 187, 231, 44, 212, 225, 207, 194, 98, 8, 11,
			203, 250, 81, 253, 10, 0, 0, 255, 255, 216, 63, 109, 94, 80,
			3, 0, 0},
	)
}

// FileDescriptorSet returns a descriptor set for this proto package, which
// includes all defined services, and all transitive dependencies.
//
// Will not return nil.
//
// Do NOT modify the returned descriptor.
func FileDescriptorSet() *descriptor.FileDescriptorSet {
	// We just need ONE of the service names to look up the FileDescriptorSet.
	ret, err := discovery.GetDescriptorSet("test.S1")
	if err != nil {
		panic(err)
	}
	return ret
}
