// Code generated by cproto. DO NOT EDIT.

package test_helloworld

import discovery "github.com/tetrafolium/luci-go/grpc/discovery"

import "github.com/golang/protobuf/protoc-gen-go/descriptor"

func init() {
	discovery.RegisterDescriptorSetCompressed(
		[]string{
			"test.helloworld.Greeter",
		},
		[]byte{31, 139,
			8, 0, 0, 0, 0, 0, 0, 255, 116, 147, 65, 111, 211, 60,
			24, 199, 227, 216, 203, 218, 167, 125, 215, 206, 111, 59, 77, 5,
			196, 163, 30, 24, 7, 148, 109, 69, 112, 65, 28, 166, 105, 98,
			67, 19, 135, 149, 113, 207, 146, 167, 77, 164, 204, 14, 182, 59,
			212, 111, 195, 153, 59, 159, 132, 47, 132, 236, 54, 8, 33, 237,
			230, 159, 242, 183, 127, 127, 231, 73, 224, 123, 2, 123, 238, 190,
			57, 118, 100, 93, 218, 24, 237, 180, 28, 132, 117, 73, 117, 173,
			191, 105, 83, 23, 211, 41, 244, 47, 61, 221, 208, 215, 21, 89,
			39, 37, 8, 149, 221, 211, 33, 67, 246, 178, 123, 19, 214, 211,
			23, 0, 219, 76, 83, 175, 229, 33, 236, 222, 147, 181, 217, 178,
			13, 181, 56, 155, 195, 238, 7, 67, 228, 200, 200, 75, 232, 204,
			179, 117, 216, 37, 159, 165, 255, 72, 211, 191, 141, 147, 39, 143,
			61, 110, 234, 245, 52, 250, 248, 75, 64, 34, 133, 136, 14, 24,
			252, 100, 192, 250, 146, 139, 72, 206, 126, 48, 60, 215, 205, 218,
			84, 203, 210, 225, 236, 228, 244, 45, 126, 46, 9, 175, 111, 207,
			175, 240, 108, 229, 74, 109, 108, 138, 103, 117, 141, 33, 96, 209,
			144, 37, 243, 64, 69, 10, 120, 107, 9, 245, 2, 93, 89, 89,
			180, 122, 101, 114, 194, 92, 23, 132, 149, 197, 165, 126, 32, 163,
			168, 192, 149, 42, 200, 160, 43, 9, 207, 154, 44, 247, 7, 87,
			57, 41, 75, 175, 240, 11, 25, 91, 105, 133, 179, 244, 4, 208,
			149, 153, 195, 60, 83, 120, 71, 184, 208, 43, 85, 96, 165, 194,
			174, 235, 171, 243, 139, 79, 243, 11, 92, 84, 53, 165, 0, 29,
			96, 177, 228, 73, 116, 8, 41, 196, 73, 36, 69, 55, 234, 179,
			201, 52, 84, 94, 250, 23, 86, 169, 37, 250, 130, 85, 78, 88,
			208, 162, 82, 149, 171, 180, 74, 1, 0, 120, 18, 49, 201, 187,
			157, 1, 60, 7, 145, 68, 113, 36, 121, 47, 126, 51, 145, 56,
			39, 85, 88, 204, 254, 28, 0, 208, 135, 29, 31, 96, 146, 247,
			146, 189, 150, 98, 201, 123, 195, 167, 45, 113, 201, 123, 71, 167,
			240, 30, 98, 17, 73, 49, 136, 246, 217, 228, 52, 212, 48, 155,
			97, 224, 118, 148, 152, 107, 229, 178, 74, 249, 98, 254, 66, 43,
			75, 230, 200, 162, 255, 26, 54, 173, 132, 215, 12, 58, 35, 232,
			129, 16, 161, 213, 48, 150, 222, 226, 97, 199, 83, 167, 37, 38,
			249, 176, 251, 95, 75, 92, 242, 225, 112, 31, 222, 65, 44, 152,
			20, 163, 232, 128, 77, 142, 183, 13, 108, 163, 149, 165, 199, 42,
			180, 247, 180, 27, 63, 99, 146, 143, 58, 50, 248, 153, 247, 143,
			227, 113, 112, 176, 224, 31, 111, 253, 44, 248, 199, 221, 97, 75,
			92, 242, 241, 255, 163, 187, 36, 252, 14, 175, 127, 7, 0, 0,
			255, 255, 10, 160, 156, 157, 35, 3, 0, 0},
	)
}

// FileDescriptorSet returns a descriptor set for this proto package, which
// includes all defined services, and all transitive dependencies.
//
// Will not return nil.
//
// Do NOT modify the returned descriptor.
func FileDescriptorSet() *descriptor.FileDescriptorSet {
	// We just need ONE of the service names to look up the FileDescriptorSet.
	ret, err := discovery.GetDescriptorSet("test.helloworld.Greeter")
	if err != nil {
		panic(err)
	}
	return ret
}
